// Jest Snapshot v1, https://goo.gl/fbAQLP

exports[`<Nodes /> should match snapshot 1`] = `
<div
  className="MuiBox-root MuiBox-root-2"
>
  <h1
    className="MuiTypography-root MuiTypography-h4"
  >
    <strong
      style={
        Object {
          "color": "#000",
        }
      }
    >
      Nodes
    </strong>
  </h1>
  <div
    className="MuiPaper-root MuiExpansionPanel-root makeStyles-root-33 MuiExpansionPanel-rounded MuiPaper-elevation3 MuiPaper-rounded"
  >
    <div
      aria-disabled={false}
      aria-expanded={false}
      className="MuiButtonBase-root MuiExpansionPanelSummary-root makeStyles-summary-34"
      onBlur={[Function]}
      onClick={[Function]}
      onDragLeave={[Function]}
      onFocus={[Function]}
      onKeyDown={[Function]}
      onKeyUp={[Function]}
      onMouseDown={[Function]}
      onMouseLeave={[Function]}
      onMouseUp={[Function]}
      onTouchEnd={[Function]}
      onTouchMove={[Function]}
      onTouchStart={[Function]}
      role="button"
      tabIndex={0}
    >
      <div
        className="MuiExpansionPanelSummary-content makeStyles-content-37"
      >
        <div
          className="MuiBox-root MuiBox-root-83 makeStyles-summaryContent-35"
        >
          <div
            className="MuiBox-root MuiBox-root-84"
          >
            <h5
              className="MuiTypography-root makeStyles-heading-39 MuiTypography-h5"
            >
              Node 1
            </h5>
            <h6
              className="MuiTypography-root makeStyles-secondaryHeading-40 MuiTypography-subtitle1"
            >
              https://thawing-springs-53971.herokuapp.com
            </h6>
          </div>
          <div
            className="MuiBox-root MuiBox-root-89"
          >
            <span
              className="makeStyles-dot-85 makeStyles-dot-87"
            />
            <span
              className="makeStyles-text-86 makeStyles-text-88"
            >
              OFFLINE
            </span>
          </div>
        </div>
      </div>
      <div
        aria-disabled={false}
        aria-hidden={true}
        className="MuiButtonBase-root MuiIconButton-root MuiExpansionPanelSummary-expandIcon makeStyles-icon-36 MuiIconButton-edgeEnd"
        onBlur={[Function]}
        onClick={undefined}
        onDragLeave={[Function]}
        onFocus={[Function]}
        onKeyDown={[Function]}
        onKeyUp={[Function]}
        onMouseDown={[Function]}
        onMouseLeave={[Function]}
        onMouseUp={[Function]}
        onTouchEnd={[Function]}
        onTouchMove={[Function]}
        onTouchStart={[Function]}
        role={null}
        tabIndex={null}
      >
        <span
          className="MuiIconButton-label"
        >
          <svg
            aria-hidden="true"
            className="MuiSvgIcon-root"
            color={undefined}
            focusable="false"
            role={undefined}
            viewBox="0 0 24 24"
          >
            <path
              d="M16.59 8.59L12 13.17 7.41 8.59 6 10l6 6 6-6z"
            />
          </svg>
        </span>
      </div>
    </div>
    <div
      className="MuiCollapse-container MuiCollapse-hidden"
      style={
        Object {
          "minHeight": "0px",
        }
      }
    >
      <div
        className="MuiCollapse-wrapper"
      >
        <div
          className="MuiCollapse-wrapperInner"
        >
          <div
            aria-labelledby={undefined}
            id={undefined}
            role="region"
          >
            <div
              className="MuiExpansionPanelDetails-root makeStyles-details-41"
            >
              <p
                className="MuiTypography-root makeStyles-content-37 MuiTypography-body1"
              />
            </div>
          </div>
        </div>
      </div>
    </div>
  </div>
  <div
    className="MuiPaper-root MuiExpansionPanel-root makeStyles-root-33 MuiExpansionPanel-rounded MuiPaper-elevation3 MuiPaper-rounded"
  >
    <div
      aria-disabled={false}
      aria-expanded={false}
      className="MuiButtonBase-root MuiExpansionPanelSummary-root makeStyles-summary-34"
      onBlur={[Function]}
      onClick={[Function]}
      onDragLeave={[Function]}
      onFocus={[Function]}
      onKeyDown={[Function]}
      onKeyUp={[Function]}
      onMouseDown={[Function]}
      onMouseLeave={[Function]}
      onMouseUp={[Function]}
      onTouchEnd={[Function]}
      onTouchMove={[Function]}
      onTouchStart={[Function]}
      role="button"
      tabIndex={0}
    >
      <div
        className="MuiExpansionPanelSummary-content makeStyles-content-37"
      >
        <div
          className="MuiBox-root MuiBox-root-114 makeStyles-summaryContent-35"
        >
          <div
            className="MuiBox-root MuiBox-root-115"
          >
            <h5
              className="MuiTypography-root makeStyles-heading-39 MuiTypography-h5"
            >
              Node 2
            </h5>
            <h6
              className="MuiTypography-root makeStyles-secondaryHeading-40 MuiTypography-subtitle1"
            >
              https://secret-lowlands-62331.herokuapp.com
            </h6>
          </div>
          <div
            className="MuiBox-root MuiBox-root-118"
          >
            <span
              className="makeStyles-dot-85 makeStyles-dot-116"
            />
            <span
              className="makeStyles-text-86 makeStyles-text-117"
            >
              OFFLINE
            </span>
          </div>
        </div>
      </div>
      <div
        aria-disabled={false}
        aria-hidden={true}
        className="MuiButtonBase-root MuiIconButton-root MuiExpansionPanelSummary-expandIcon makeStyles-icon-36 MuiIconButton-edgeEnd"
        onBlur={[Function]}
        onClick={undefined}
        onDragLeave={[Function]}
        onFocus={[Function]}
        onKeyDown={[Function]}
        onKeyUp={[Function]}
        onMouseDown={[Function]}
        onMouseLeave={[Function]}
        onMouseUp={[Function]}
        onTouchEnd={[Function]}
        onTouchMove={[Function]}
        onTouchStart={[Function]}
        role={null}
        tabIndex={null}
      >
        <span
          className="MuiIconButton-label"
        >
          <svg
            aria-hidden="true"
            className="MuiSvgIcon-root"
            color={undefined}
            focusable="false"
            role={undefined}
            viewBox="0 0 24 24"
          >
            <path
              d="M16.59 8.59L12 13.17 7.41 8.59 6 10l6 6 6-6z"
            />
          </svg>
        </span>
      </div>
    </div>
    <div
      className="MuiCollapse-container MuiCollapse-hidden"
      style={
        Object {
          "minHeight": "0px",
        }
      }
    >
      <div
        className="MuiCollapse-wrapper"
      >
        <div
          className="MuiCollapse-wrapperInner"
        >
          <div
            aria-labelledby={undefined}
            id={undefined}
            role="region"
          >
            <div
              className="MuiExpansionPanelDetails-root makeStyles-details-41"
            >
              <p
                className="MuiTypography-root makeStyles-content-37 MuiTypography-body1"
              />
            </div>
          </div>
        </div>
      </div>
    </div>
  </div>
</div>
`;
